// Jest Snapshot v1, https://goo.gl/fbAQLP

exports[`VList insertBefore moves between same list 1`] = `
VList [
  "1",
  "2",
  "3",
  "4",
]
`;

exports[`VList insertBefore moves between same list 2`] = `
VList [
  "1",
  "3",
  "2",
  "4",
]
`;

exports[`VList insertBefore moves between same list 3`] = `
VList [
  "1",
  "3",
  "2",
  "4",
]
`;

exports[`VList insertBefore moves between same list 4`] = `
VList [
  "1",
  "2",
  "3",
  "4",
]
`;

exports[`VList insertBefore moves between same list 5`] = `
VList [
  "3",
  "1",
  "2",
  "4",
]
`;

exports[`VList insertBefore moves between same list 6`] = `
VList [
  "3",
  "1",
  "2",
  "4",
]
`;

exports[`VList insertBefore moves between same list 7`] = `
VList [
  "3",
  "2",
  "1",
  "4",
]
`;

exports[`VList insertBefore moves between same list 8`] = `
VList [
  "3",
  "2",
  "1",
  "4",
]
`;

exports[`VList insertBefore moves between same list 9`] = `
VList [
  "1",
  "2",
  "3",
  "4",
]
`;
