// Jest Snapshot v1, https://goo.gl/fbAQLP

exports[`diff append appends 1 1`] = `
VList [
  1,
  2,
  3,
  4,
]
`;

exports[`diff append appends 2 1`] = `
VList [
  1,
  2,
  3,
  4,
  5,
]
`;

exports[`diff move moves 1 1`] = `
VList [
  1,
  3,
  2,
  4,
]
`;

exports[`diff move moves 2 1`] = `
VList [
  1,
  3,
  4,
  2,
]
`;

exports[`diff move moves all 1`] = `
VList [
  3,
  6,
  5,
  1,
  2,
  7,
  8,
  4,
]
`;

exports[`diff prepend prepends 1 1`] = `
VList [
  4,
  1,
  2,
  3,
]
`;

exports[`diff prepend prepends 2 1`] = `
VList [
  4,
  5,
  1,
  2,
  3,
]
`;

exports[`diff problematic cases insert with move 1`] = `
VList [
  1,
  4,
  3,
  2,
]
`;

exports[`diff problematic cases replace with tail 1`] = `
VList [
  1,
  4,
  5,
  6,
  3,
]
`;

exports[`diff remove removes head 1 1`] = `
VList [
  2,
  3,
]
`;

exports[`diff remove removes head 2 1`] = `
VList [
  3,
  4,
]
`;

exports[`diff remove removes middle 1 1`] = `
VList [
  1,
  2,
  4,
]
`;

exports[`diff remove removes middle 2 1`] = `
VList [
  1,
  4,
]
`;

exports[`diff remove removes tail 1 1`] = `
VList [
  1,
  2,
]
`;

exports[`diff remove removes tail 2 1`] = `
VList [
  1,
  2,
]
`;

exports[`diff replace replaces 1 1`] = `
VList [
  1,
  4,
  3,
]
`;

exports[`diff replace replaces 2 1`] = `
VList [
  1,
  6,
  3,
  7,
  5,
]
`;

exports[`diff replace replaces all 1`] = `
VList [
  4,
  5,
  6,
]
`;
