// Jest Snapshot v1, https://goo.gl/fbAQLP

exports[`events render replace 1`] = `"<button></button>"`;

exports[`events render replace 2`] = `"<button></button>"`;

exports[`events render simple 1`] = `"<button></button>"`;
