// Jest Snapshot v1, https://goo.gl/fbAQLP

exports[`jsx function w/keyed array and a different element 1`] = `"<li></li><li></li><li></li><div id=\\"another\\"></div>"`;

exports[`jsx function w/keyed array and a different element 2`] = `"<div id=\\"another\\"></div><li></li><li></li><li></li><li></li>"`;

exports[`jsx function w/keyed array and a different element 3`] = `"<li></li><li></li><li></li><li></li><li></li><li></li><div id=\\"another\\"></div>"`;

exports[`jsx pass props correctly to children 1`] = `"<div class=\\"yes\\">0</div><div class=\\"no\\">1</div><div class=\\"yes\\">2</div>"`;

exports[`jsx pass props correctly to children 2`] = `"<div class=\\"no\\">3</div><div class=\\"yes\\">4</div><div class=\\"no\\">5</div>"`;

exports[`jsx replaces an element node with a text node 1`] = `"<p>world</p>"`;

exports[`jsx replaces an element node with a text node 2`] = `"<p>hello</p><p>world</p>"`;

exports[`jsx replaces text nodes properly 1`] = `"foobar"`;

exports[`jsx replaces text nodes properly 2`] = `"zoofoobar"`;

exports[`jsx x function w/keyed children and value 1`] = `"<li>1</li><li>2</li><li>3</li>"`;

exports[`jsx x function w/keyed children and value 2`] = `"<li>0</li><li>1</li><li>2</li><li>3</li>"`;

exports[`jsx x313 function w/keyed children 1`] = `"<li></li><li></li><li></li>"`;

exports[`jsx x313 function w/keyed children 2`] = `"<li></li><li></li><li></li><li></li>"`;
